
> operant-gui@2.0.0 build
> tsc && vite build && node scripts/check-bundle.mjs

vite v6.4.3 building for production...
transforming...
✓ 1720 modules transformed.
rendering chunks...
computing gzip size...
dist/index.html                                 0.96 kB │ gzip:  0.49 kB
dist/assets/LiveChatView-DrPhmyxN.css           0.17 kB │ gzip:  0.13 kB
dist/assets/ExtensionsView-hWJEVsKb.css         2.22 kB │ gzip:  0.75 kB
dist/assets/CollabView-BdVsmKKl.css             2.57 kB │ gzip:  0.82 kB
dist/assets/TasksView-CMZI2uRF.css              4.34 kB │ gzip:  1.30 kB
dist/assets/SchedulesView-BdradJ9k.css          4.69 kB │ gzip:  1.17 kB
dist/assets/index-BpOU5PQd.css                103.16 kB │ gzip: 15.35 kB
dist/assets/chevron-down-g4egoJsD.js            0.30 kB │ gzip:  0.24 kB
dist/assets/play-Dsz14WJJ.js                    0.31 kB │ gzip:  0.25 kB
dist/assets/square-B1O3BQhy.js                  0.32 kB │ gzip:  0.26 kB
dist/assets/arrow-right-BDxhXWAg.js             0.34 kB │ gzip:  0.27 kB
dist/assets/arrow-left-DEedkyKQ.js              0.34 kB │ gzip:  0.27 kB
dist/assets/terminal-BUMyFgc8.js                0.36 kB │ gzip:  0.28 kB
dist/assets/pause-DoPE2fxm.js                   0.38 kB │ gzip:  0.27 kB
dist/assets/panel-left-open-2OjNcACM.js         0.41 kB │ gzip:  0.30 kB
dist/assets/activity-CHxjHZOO.js                0.41 kB │ gzip:  0.31 kB
dist/assets/history-Ca5sQ4X4.js                 0.41 kB │ gzip:  0.30 kB
dist/assets/menu-D_s8uUKd.js                    0.42 kB │ gzip:  0.28 kB
dist/assets/external-link-B1mPoiQ-.js           0.42 kB │ gzip:  0.30 kB
dist/assets/archive-DHs_ZnWo.js                 0.43 kB │ gzip:  0.31 kB
dist/assets/wrench-E7yHyvp_.js                  0.43 kB │ gzip:  0.31 kB
dist/assets/download-DwMxx2qZ.js                0.44 kB │ gzip:  0.32 kB
dist/assets/workflow-CKUr1E0_.js                0.44 kB │ gzip:  0.31 kB
dist/assets/pencil-DiWbTOHm.js                  0.45 kB │ gzip:  0.33 kB
dist/assets/send-horizontal-Dc1Md0Ug.js         0.46 kB │ gzip:  0.33 kB
dist/assets/file-code-DqUm4iFg.js               0.49 kB │ gzip:  0.32 kB
dist/assets/refresh-cw-BN8j-BCA.js              0.49 kB │ gzip:  0.33 kB
dist/assets/file-text-HRlaOBIA.js               0.51 kB │ gzip:  0.32 kB
dist/assets/trash-2-Dqr4uOJv.js                 0.53 kB │ gzip:  0.35 kB
dist/assets/LoadingSkeleton-CTtatN5v.js         0.60 kB │ gzip:  0.43 kB
dist/assets/server-C_bnabDt.js                  0.88 kB │ gzip:  0.42 kB
dist/assets/brain-BCxAnHgX.js                   0.91 kB │ gzip:  0.47 kB
dist/assets/EmptyState-DM7jZnLT.js              1.21 kB │ gzip:  0.70 kB
dist/assets/CollabWorkflowCanvas-DXuOPL2r.js    3.98 kB │ gzip:  1.89 kB
dist/assets/MessageList-DKVXZUGN.js             4.86 kB │ gzip:  1.87 kB
dist/assets/AgentFocusView-DHrB6ShT.js          5.09 kB │ gzip:  2.21 kB
dist/assets/WorkflowSessionView-CUIy7G7S.js     6.17 kB │ gzip:  2.52 kB
dist/assets/ApprovalCenterView-D7-KlYFx.js      8.13 kB │ gzip:  3.02 kB
dist/assets/TasksView-DFSKuKs4.js               8.66 kB │ gzip:  3.32 kB
dist/assets/ProjectsView-BZHjnOy7.js           11.58 kB │ gzip:  3.63 kB
dist/assets/RunDetailView-Dr34Sdi7.js          15.41 kB │ gzip:  5.12 kB
dist/assets/GraphCanvas-D10X51FM.js            16.50 kB │ gzip:  5.88 kB
dist/assets/SkillsView-CuViG3X7.js             20.54 kB │ gzip:  5.90 kB
dist/assets/LiveChatView-DQL5b01k.js           23.06 kB │ gzip:  7.36 kB
dist/assets/ExtensionsView-CFKxV-Oc.js         24.18 kB │ gzip:  7.78 kB
dist/assets/SchedulesView-CUlzJr3C.js          28.19 kB │ gzip:  8.51 kB
dist/assets/AgentsView-aMqK4LJn.js             30.16 kB │ gzip:  8.08 kB
dist/assets/ChatView-DMTYxQRY.js               30.58 kB │ gzip:  9.03 kB
dist/assets/CollabView-esgKbz3m.js             38.43 kB │ gzip: 12.24 kB
dist/assets/LiveManagementView-CVNRAMCo.js     56.78 kB │ gzip: 15.20 kB
dist/assets/SettingsView-D1XRPkv9.js          104.69 kB │ gzip: 25.53 kB
dist/assets/operant-sdk-5c4_NynW.js           175.17 kB │ gzip: 25.82 kB
dist/assets/index-D2q9Neqk.js                 192.66 kB │ gzip: 57.09 kB
dist/assets/react-vendor-Dbjw3RdR.js          287.97 kB │ gzip: 92.25 kB
✓ built in 1.38s
