
> operant-gui@2.0.0 build
> tsc && vite build && node scripts/check-bundle.mjs

vite v6.4.3 building for production...
transforming...
✓ 1720 modules transformed.
rendering chunks...
computing gzip size...
dist/index.html                                 0.96 kB │ gzip:  0.49 kB
dist/assets/LiveChatView-DrPhmyxN.css           0.17 kB │ gzip:  0.13 kB
dist/assets/ExtensionsView-hWJEVsKb.css         2.22 kB │ gzip:  0.75 kB
dist/assets/CollabView-BdVsmKKl.css             2.57 kB │ gzip:  0.82 kB
dist/assets/TasksView-CMZI2uRF.css              4.34 kB │ gzip:  1.30 kB
dist/assets/SchedulesView-BdradJ9k.css          4.69 kB │ gzip:  1.17 kB
dist/assets/index-BpOU5PQd.css                103.16 kB │ gzip: 15.35 kB
dist/assets/chevron-down-Bf6vbzag.js            0.30 kB │ gzip:  0.25 kB
dist/assets/play-DRrS0HUf.js                    0.31 kB │ gzip:  0.25 kB
dist/assets/square-BpD-ODCi.js                  0.32 kB │ gzip:  0.26 kB
dist/assets/arrow-right-Boi5tib3.js             0.34 kB │ gzip:  0.27 kB
dist/assets/arrow-left-DV0I9mCs.js              0.34 kB │ gzip:  0.27 kB
dist/assets/terminal-Cy5q_Aqu.js                0.36 kB │ gzip:  0.28 kB
dist/assets/pause-CgEvYL97.js                   0.38 kB │ gzip:  0.27 kB
dist/assets/panel-left-open-BgHsT_BM.js         0.41 kB │ gzip:  0.30 kB
dist/assets/activity-B2fvFhuP.js                0.41 kB │ gzip:  0.31 kB
dist/assets/history-BXS0N_Ko.js                 0.41 kB │ gzip:  0.30 kB
dist/assets/menu-BS-17g0a.js                    0.42 kB │ gzip:  0.28 kB
dist/assets/external-link-DJGPfrpN.js           0.42 kB │ gzip:  0.30 kB
dist/assets/archive-CLbB6VLr.js                 0.43 kB │ gzip:  0.31 kB
dist/assets/wrench-xfqEYl7S.js                  0.43 kB │ gzip:  0.31 kB
dist/assets/download-Cd7VF7xc.js                0.44 kB │ gzip:  0.32 kB
dist/assets/workflow-CRgdTLyO.js                0.44 kB │ gzip:  0.31 kB
dist/assets/pencil-B-OTiGUh.js                  0.45 kB │ gzip:  0.33 kB
dist/assets/send-horizontal-Tv_GIW9R.js         0.46 kB │ gzip:  0.33 kB
dist/assets/file-code-DP-KeISS.js               0.49 kB │ gzip:  0.32 kB
dist/assets/refresh-cw-BJt_AtDC.js              0.49 kB │ gzip:  0.33 kB
dist/assets/file-text-ppJI3FXM.js               0.51 kB │ gzip:  0.32 kB
dist/assets/trash-2-Dnggj4fh.js                 0.53 kB │ gzip:  0.36 kB
dist/assets/LoadingSkeleton-CTtatN5v.js         0.60 kB │ gzip:  0.43 kB
dist/assets/server-BU7yQAz3.js                  0.88 kB │ gzip:  0.42 kB
dist/assets/brain-Ds1G8x1f.js                   0.91 kB │ gzip:  0.47 kB
dist/assets/EmptyState-H7XTL1l1.js              1.21 kB │ gzip:  0.70 kB
dist/assets/CollabWorkflowCanvas-C28TkyCr.js    3.98 kB │ gzip:  1.89 kB
dist/assets/MessageList-Bph-Ygia.js             4.86 kB │ gzip:  1.87 kB
dist/assets/AgentFocusView-CoXq7lvf.js          5.09 kB │ gzip:  2.21 kB
dist/assets/WorkflowSessionView-BP8sAp7I.js     6.17 kB │ gzip:  2.52 kB
dist/assets/ApprovalCenterView-DJp3PIwK.js      8.13 kB │ gzip:  3.02 kB
dist/assets/TasksView-Y9lonBCE.js               8.66 kB │ gzip:  3.32 kB
dist/assets/ProjectsView-DhM5Ju1S.js           11.58 kB │ gzip:  3.63 kB
dist/assets/RunDetailView-HS613QbU.js          15.41 kB │ gzip:  5.12 kB
dist/assets/GraphCanvas-giy3BJYj.js            16.50 kB │ gzip:  5.88 kB
dist/assets/SkillsView-CdpW4o8z.js             20.54 kB │ gzip:  5.89 kB
dist/assets/LiveChatView-Di3RZtcw.js           23.06 kB │ gzip:  7.36 kB
dist/assets/ExtensionsView-CJ5LDomh.js         24.03 kB │ gzip:  7.73 kB
dist/assets/SchedulesView-5pfLztwZ.js          28.19 kB │ gzip:  8.51 kB
dist/assets/AgentsView-H27ahxGV.js             30.16 kB │ gzip:  8.08 kB
dist/assets/ChatView-tg5jw0NM.js               30.58 kB │ gzip:  9.03 kB
dist/assets/CollabView-DmjF1Ln0.js             38.43 kB │ gzip: 12.23 kB
dist/assets/LiveManagementView-BYqUwM-5.js     52.71 kB │ gzip: 14.11 kB
dist/assets/SettingsView-Ble0ZgVy.js          104.69 kB │ gzip: 25.53 kB
dist/assets/operant-sdk-5c4_NynW.js           175.17 kB │ gzip: 25.82 kB
dist/assets/index-v4a9gMY0.js                 192.66 kB │ gzip: 57.09 kB
dist/assets/react-vendor-Dbjw3RdR.js          287.97 kB │ gzip: 92.25 kB
✓ built in 1.52s
