
> operant-gui@2.0.0 build
> tsc && vite build && node scripts/check-bundle.mjs

vite v6.4.3 building for production...
transforming...
✓ 1720 modules transformed.
rendering chunks...
computing gzip size...
dist/index.html                                 0.96 kB │ gzip:  0.49 kB
dist/assets/LiveChatView-DrPhmyxN.css           0.17 kB │ gzip:  0.13 kB
dist/assets/ExtensionsView-hWJEVsKb.css         2.22 kB │ gzip:  0.75 kB
dist/assets/CollabView-BdVsmKKl.css             2.57 kB │ gzip:  0.82 kB
dist/assets/TasksView-CMZI2uRF.css              4.34 kB │ gzip:  1.30 kB
dist/assets/SchedulesView-BdradJ9k.css          4.69 kB │ gzip:  1.17 kB
dist/assets/index-Bi0YlNYB.css                104.05 kB │ gzip: 15.34 kB
dist/assets/chevron-down-B_cdENgm.js            0.30 kB │ gzip:  0.25 kB
dist/assets/play-6QyCf4i4.js                    0.31 kB │ gzip:  0.25 kB
dist/assets/square-qtSEejx-.js                  0.32 kB │ gzip:  0.26 kB
dist/assets/arrow-right-BOWp64Sk.js             0.34 kB │ gzip:  0.27 kB
dist/assets/arrow-left-Ce4qVGE0.js              0.34 kB │ gzip:  0.27 kB
dist/assets/terminal-DS0ua7lI.js                0.36 kB │ gzip:  0.28 kB
dist/assets/pause-_zHmBsQQ.js                   0.38 kB │ gzip:  0.27 kB
dist/assets/panel-left-open-BBIgy4ZT.js         0.41 kB │ gzip:  0.30 kB
dist/assets/activity-Ckj8cqXR.js                0.41 kB │ gzip:  0.31 kB
dist/assets/history-BczIbWxw.js                 0.41 kB │ gzip:  0.30 kB
dist/assets/menu-CSpu-WRL.js                    0.42 kB │ gzip:  0.28 kB
dist/assets/external-link-B08jEWsT.js           0.42 kB │ gzip:  0.30 kB
dist/assets/archive-CWGUuGfj.js                 0.43 kB │ gzip:  0.31 kB
dist/assets/wrench-MYyZbFMd.js                  0.43 kB │ gzip:  0.31 kB
dist/assets/download-DOjpz-eB.js                0.44 kB │ gzip:  0.32 kB
dist/assets/workflow-Bj9Eqnp7.js                0.44 kB │ gzip:  0.31 kB
dist/assets/pencil-DBTR_ynh.js                  0.45 kB │ gzip:  0.33 kB
dist/assets/send-horizontal-Dn3BtoKd.js         0.46 kB │ gzip:  0.33 kB
dist/assets/file-code-BZO_AY1I.js               0.49 kB │ gzip:  0.32 kB
dist/assets/refresh-cw-Dz0UdNgd.js              0.49 kB │ gzip:  0.33 kB
dist/assets/file-text-ChYV2nrk.js               0.51 kB │ gzip:  0.32 kB
dist/assets/trash-2-Df7daeK6.js                 0.53 kB │ gzip:  0.36 kB
dist/assets/LoadingSkeleton-CTtatN5v.js         0.60 kB │ gzip:  0.43 kB
dist/assets/server-CeG0S0S3.js                  0.88 kB │ gzip:  0.42 kB
dist/assets/brain-CD844-db.js                   0.91 kB │ gzip:  0.47 kB
dist/assets/EmptyState-txfiRrVE.js              1.21 kB │ gzip:  0.70 kB
dist/assets/CollabWorkflowCanvas-JENqmvmx.js    3.98 kB │ gzip:  1.89 kB
dist/assets/MessageList-uvHCvC8x.js             4.86 kB │ gzip:  1.87 kB
dist/assets/AgentFocusView-CkO5cEp9.js          5.09 kB │ gzip:  2.20 kB
dist/assets/WorkflowSessionView-C_qhaZ9T.js     6.17 kB │ gzip:  2.52 kB
dist/assets/ApprovalCenterView-BDdB2KR8.js      8.13 kB │ gzip:  3.01 kB
dist/assets/TasksView-D6Kvw9a_.js               8.66 kB │ gzip:  3.32 kB
dist/assets/ProjectsView-D1bOZnuw.js           11.58 kB │ gzip:  3.62 kB
dist/assets/RunDetailView-DAqkixcm.js          15.41 kB │ gzip:  5.11 kB
dist/assets/GraphCanvas-CgUY3xRq.js            16.50 kB │ gzip:  5.88 kB
dist/assets/SkillsView-BDThSOUg.js             20.54 kB │ gzip:  5.89 kB
dist/assets/LiveChatView-CESentxj.js           23.06 kB │ gzip:  7.36 kB
dist/assets/ExtensionsView-Bu2GT33R.js         24.18 kB │ gzip:  7.77 kB
dist/assets/SchedulesView-BvYPtHVe.js          28.19 kB │ gzip:  8.50 kB
dist/assets/AgentsView-CQJ6tHya.js             30.16 kB │ gzip:  8.07 kB
dist/assets/ChatView-D4mGTTpe.js               30.58 kB │ gzip:  9.03 kB
dist/assets/CollabView-CtsrU6Fc.js             38.43 kB │ gzip: 12.23 kB
dist/assets/LiveManagementView-YXX0t7d5.js     56.78 kB │ gzip: 15.19 kB
dist/assets/SettingsView-CxyevJjY.js          104.69 kB │ gzip: 25.53 kB
dist/assets/operant-sdk-5c4_NynW.js           175.17 kB │ gzip: 25.82 kB
dist/assets/index-Db1_aC16.js                 192.66 kB │ gzip: 57.08 kB
dist/assets/react-vendor-Dbjw3RdR.js          287.97 kB │ gzip: 92.25 kB
✓ built in 1.67s
