
> operant-gui@2.0.0 build
> tsc && vite build && node scripts/check-bundle.mjs

vite v6.4.3 building for production...
transforming...
✓ 1720 modules transformed.
rendering chunks...
computing gzip size...
dist/index.html                                 0.96 kB │ gzip:  0.49 kB
dist/assets/LiveChatView-DrPhmyxN.css           0.17 kB │ gzip:  0.13 kB
dist/assets/ExtensionsView-hWJEVsKb.css         2.22 kB │ gzip:  0.75 kB
dist/assets/CollabView-BdVsmKKl.css             2.57 kB │ gzip:  0.82 kB
dist/assets/TasksView-CMZI2uRF.css              4.34 kB │ gzip:  1.30 kB
dist/assets/SchedulesView-BdradJ9k.css          4.69 kB │ gzip:  1.17 kB
dist/assets/index-BpOU5PQd.css                103.16 kB │ gzip: 15.35 kB
dist/assets/chevron-down-6VmyF4mE.js            0.30 kB │ gzip:  0.25 kB
dist/assets/play-BAp3YwTB.js                    0.31 kB │ gzip:  0.25 kB
dist/assets/square-B24sRvi8.js                  0.32 kB │ gzip:  0.26 kB
dist/assets/arrow-right-CQIL5p4L.js             0.34 kB │ gzip:  0.27 kB
dist/assets/arrow-left-DwsLdf3Y.js              0.34 kB │ gzip:  0.27 kB
dist/assets/terminal-B5EAbNoD.js                0.36 kB │ gzip:  0.28 kB
dist/assets/pause-BfiQ8m9l.js                   0.38 kB │ gzip:  0.27 kB
dist/assets/panel-left-open-BVUdQRrV.js         0.41 kB │ gzip:  0.30 kB
dist/assets/activity-CNT284c6.js                0.41 kB │ gzip:  0.31 kB
dist/assets/history-CjZK5QaP.js                 0.41 kB │ gzip:  0.30 kB
dist/assets/menu-COrsR8bx.js                    0.42 kB │ gzip:  0.28 kB
dist/assets/external-link-DNmQahHa.js           0.42 kB │ gzip:  0.30 kB
dist/assets/archive-BKBbG6JM.js                 0.43 kB │ gzip:  0.31 kB
dist/assets/wrench-Do2Zdd62.js                  0.43 kB │ gzip:  0.31 kB
dist/assets/download--b8ASYsC.js                0.44 kB │ gzip:  0.32 kB
dist/assets/workflow-CDabjJf2.js                0.44 kB │ gzip:  0.31 kB
dist/assets/pencil-DSh-Edjn.js                  0.45 kB │ gzip:  0.33 kB
dist/assets/send-horizontal-D13d77DX.js         0.46 kB │ gzip:  0.33 kB
dist/assets/file-code-CO-1PzeN.js               0.49 kB │ gzip:  0.32 kB
dist/assets/refresh-cw-YNhGFcfU.js              0.49 kB │ gzip:  0.32 kB
dist/assets/file-text-CvcWKyiU.js               0.51 kB │ gzip:  0.32 kB
dist/assets/trash-2-BEbzYnsO.js                 0.53 kB │ gzip:  0.36 kB
dist/assets/LoadingSkeleton-CTtatN5v.js         0.60 kB │ gzip:  0.43 kB
dist/assets/server-BUz9oApg.js                  0.88 kB │ gzip:  0.42 kB
dist/assets/brain-DnBqGFlW.js                   0.91 kB │ gzip:  0.47 kB
dist/assets/EmptyState-BgXCUs27.js              1.21 kB │ gzip:  0.70 kB
dist/assets/CollabWorkflowCanvas-BAt4z6bQ.js    3.98 kB │ gzip:  1.89 kB
dist/assets/MessageList-D0noBZn-.js             4.86 kB │ gzip:  1.87 kB
dist/assets/AgentFocusView-21HC5oxx.js          5.09 kB │ gzip:  2.21 kB
dist/assets/WorkflowSessionView-lGRCq7fi.js     6.17 kB │ gzip:  2.52 kB
dist/assets/ApprovalCenterView-gkOnkhhh.js      8.13 kB │ gzip:  3.02 kB
dist/assets/TasksView-0txfUCcI.js               8.66 kB │ gzip:  3.32 kB
dist/assets/ProjectsView-TEa5deyf.js           11.58 kB │ gzip:  3.62 kB
dist/assets/RunDetailView-paYWJoB9.js          15.41 kB │ gzip:  5.12 kB
dist/assets/GraphCanvas-BFQPRP6e.js            16.50 kB │ gzip:  5.88 kB
dist/assets/SkillsView-BylNrFHU.js             20.54 kB │ gzip:  5.89 kB
dist/assets/LiveChatView-CbHboLBk.js           23.06 kB │ gzip:  7.36 kB
dist/assets/ExtensionsView-CtrOif4k.js         24.18 kB │ gzip:  7.78 kB
dist/assets/SchedulesView-C_PesnnH.js          28.19 kB │ gzip:  8.51 kB
dist/assets/AgentsView-DP-pFfJL.js             30.16 kB │ gzip:  8.08 kB
dist/assets/ChatView-De8gdL8d.js               30.58 kB │ gzip:  9.03 kB
dist/assets/CollabView-0q-YTOOv.js             38.43 kB │ gzip: 12.24 kB
dist/assets/LiveManagementView-gfYVZPXc.js     53.87 kB │ gzip: 14.45 kB
dist/assets/SettingsView-02cyZpMa.js          104.69 kB │ gzip: 25.54 kB
dist/assets/operant-sdk-5c4_NynW.js           175.17 kB │ gzip: 25.82 kB
dist/assets/index-C9f4RBNw.js                 192.66 kB │ gzip: 57.09 kB
dist/assets/react-vendor-Dbjw3RdR.js          287.97 kB │ gzip: 92.25 kB
✓ built in 1.36s
