
> operant-gui@2.0.0 build
> tsc && vite build && node scripts/check-bundle.mjs

vite v6.4.3 building for production...
transforming...
✓ 1716 modules transformed.
rendering chunks...
computing gzip size...
dist/index.html                                 0.96 kB │ gzip:  0.49 kB
dist/assets/LiveChatView-DrPhmyxN.css           0.17 kB │ gzip:  0.13 kB
dist/assets/ExtensionsView-hWJEVsKb.css         2.22 kB │ gzip:  0.75 kB
dist/assets/CollabView-BdVsmKKl.css             2.57 kB │ gzip:  0.82 kB
dist/assets/TasksView-CMZI2uRF.css              4.34 kB │ gzip:  1.30 kB
dist/assets/SchedulesView-BdradJ9k.css          4.69 kB │ gzip:  1.17 kB
dist/assets/index-DjYEcxTw.css                 88.73 kB │ gzip: 13.33 kB
dist/assets/chevron-down-CiTdEpgn.js            0.30 kB │ gzip:  0.25 kB
dist/assets/play-BC239p4g.js                    0.31 kB │ gzip:  0.25 kB
dist/assets/square-twzHLJ8F.js                  0.32 kB │ gzip:  0.26 kB
dist/assets/arrow-right-4X5XbZM_.js             0.34 kB │ gzip:  0.27 kB
dist/assets/arrow-left-DaHlfOFs.js              0.34 kB │ gzip:  0.27 kB
dist/assets/terminal-D23qolsp.js                0.36 kB │ gzip:  0.29 kB
dist/assets/pause-DrFRID4j.js                   0.38 kB │ gzip:  0.27 kB
dist/assets/panel-left-open-3S8OSV3a.js         0.41 kB │ gzip:  0.30 kB
dist/assets/activity-pXoP3M6o.js                0.41 kB │ gzip:  0.31 kB
dist/assets/history-CoUSKJ_o.js                 0.41 kB │ gzip:  0.30 kB
dist/assets/menu-C5YwLgzg.js                    0.42 kB │ gzip:  0.28 kB
dist/assets/external-link-BkYMNf76.js           0.42 kB │ gzip:  0.31 kB
dist/assets/wrench-BrZGo6i7.js                  0.43 kB │ gzip:  0.31 kB
dist/assets/download-Cl2VKVxk.js                0.44 kB │ gzip:  0.32 kB
dist/assets/workflow-CfmZog-Y.js                0.44 kB │ gzip:  0.31 kB
dist/assets/pencil-BHG8SuC-.js                  0.45 kB │ gzip:  0.33 kB
dist/assets/send-horizontal-BBhUtR3G.js         0.46 kB │ gzip:  0.33 kB
dist/assets/file-code-Crvx7I-D.js               0.49 kB │ gzip:  0.33 kB
dist/assets/refresh-cw-DsnmJXdy.js              0.49 kB │ gzip:  0.33 kB
dist/assets/file-text-DWbVlc5q.js               0.51 kB │ gzip:  0.32 kB
dist/assets/trash-2-qpxA04ai.js                 0.53 kB │ gzip:  0.36 kB
dist/assets/LoadingSkeleton-CTtatN5v.js         0.60 kB │ gzip:  0.43 kB
dist/assets/folder-DHznzBid.js                  0.74 kB │ gzip:  0.36 kB
dist/assets/server-ChsKga8r.js                  0.88 kB │ gzip:  0.42 kB
dist/assets/brain-C8mFtTgQ.js                   0.91 kB │ gzip:  0.47 kB
dist/assets/EmptyState-Vt_vw2KC.js              1.21 kB │ gzip:  0.70 kB
dist/assets/CollabWorkflowCanvas-BXDEnPRn.js    3.98 kB │ gzip:  1.89 kB
dist/assets/MessageList-DbvQ4xqk.js             4.86 kB │ gzip:  1.88 kB
dist/assets/AgentFocusView-DkfXfNkf.js          5.09 kB │ gzip:  2.20 kB
dist/assets/WorkflowSessionView-zzQXa6Df.js     6.17 kB │ gzip:  2.52 kB
dist/assets/ApprovalCenterView-D8ZO9FJZ.js      8.16 kB │ gzip:  3.03 kB
dist/assets/TasksView-B8YW5wMb.js               8.66 kB │ gzip:  3.32 kB
dist/assets/RunDetailView-lLB61TYG.js          15.44 kB │ gzip:  5.14 kB
dist/assets/ProjectsView-Cl-vhyhS.js           16.25 kB │ gzip:  4.97 kB
dist/assets/GraphCanvas-BG5XjgFL.js            16.50 kB │ gzip:  5.88 kB
dist/assets/SkillsView-BqZYg-C1.js             20.26 kB │ gzip:  5.74 kB
dist/assets/LiveChatView-opSM-Bp9.js           22.42 kB │ gzip:  7.22 kB
dist/assets/ExtensionsView-Cq0MhMLs.js         23.73 kB │ gzip:  7.57 kB
dist/assets/SchedulesView-BznZCrz8.js          28.19 kB │ gzip:  8.51 kB
dist/assets/AgentsView-WDSagrGJ.js             30.16 kB │ gzip:  8.08 kB
dist/assets/ChatView-DO7KuJTh.js               30.94 kB │ gzip:  9.12 kB
dist/assets/CollabView-CJGCbavE.js             38.43 kB │ gzip: 12.24 kB
dist/assets/SettingsView-DC5Axyur.js          104.51 kB │ gzip: 25.37 kB
dist/assets/operant-sdk-Cdz6B7jL.js           170.03 kB │ gzip: 25.50 kB
dist/assets/index-DD9OgHRG.js                 192.49 kB │ gzip: 57.04 kB
dist/assets/react-vendor-Dbjw3RdR.js          287.97 kB │ gzip: 92.25 kB
✓ built in 2.16s
