
> operant-gui@2.0.0 build
> tsc && vite build && node scripts/check-bundle.mjs

vite v6.4.3 building for production...
transforming...
✓ 1726 modules transformed.
rendering chunks...
computing gzip size...
dist/index.html                                 0.96 kB │ gzip:  0.49 kB
dist/assets/LiveChatView-DrPhmyxN.css           0.17 kB │ gzip:  0.13 kB
dist/assets/ExtensionsView-hWJEVsKb.css         2.22 kB │ gzip:  0.75 kB
dist/assets/CollabView-BdVsmKKl.css             2.57 kB │ gzip:  0.82 kB
dist/assets/TasksView-CMZI2uRF.css              4.34 kB │ gzip:  1.30 kB
dist/assets/SchedulesView-BdradJ9k.css          4.69 kB │ gzip:  1.17 kB
dist/assets/B24Presentation-DfzRizey.css       18.52 kB │ gzip:  3.11 kB
dist/assets/index-Bi0YlNYB.css                104.05 kB │ gzip: 15.34 kB
dist/assets/chevron-down-3kj410Ev.js            0.30 kB │ gzip:  0.25 kB
dist/assets/play-rXbrgsWi.js                    0.31 kB │ gzip:  0.25 kB
dist/assets/square-D2YRH3nC.js                  0.32 kB │ gzip:  0.26 kB
dist/assets/arrow-right-CEaixtM8.js             0.34 kB │ gzip:  0.27 kB
dist/assets/arrow-left-DZP1kro1.js              0.34 kB │ gzip:  0.27 kB
dist/assets/terminal-DbCnDZeJ.js                0.36 kB │ gzip:  0.29 kB
dist/assets/pause-BsiQsJoL.js                   0.38 kB │ gzip:  0.27 kB
dist/assets/panel-left-open-K7nI2vtc.js         0.41 kB │ gzip:  0.30 kB
dist/assets/activity-lQwAmgQd.js                0.41 kB │ gzip:  0.31 kB
dist/assets/history-B0tj8yNN.js                 0.41 kB │ gzip:  0.30 kB
dist/assets/menu-e8cYiTZl.js                    0.42 kB │ gzip:  0.28 kB
dist/assets/external-link-CPKWSjOa.js           0.42 kB │ gzip:  0.30 kB
dist/assets/archive-C5XdeuNg.js                 0.43 kB │ gzip:  0.31 kB
dist/assets/link-BftE3STU.js                    0.43 kB │ gzip:  0.30 kB
dist/assets/wrench-Bg8UeNNW.js                  0.43 kB │ gzip:  0.31 kB
dist/assets/download-rCjK_5xx.js                0.44 kB │ gzip:  0.32 kB
dist/assets/workflow-oqQcDE5Q.js                0.44 kB │ gzip:  0.31 kB
dist/assets/pencil-CcdhI_bI.js                  0.45 kB │ gzip:  0.33 kB
dist/assets/send-horizontal-R47-zT4a.js         0.46 kB │ gzip:  0.33 kB
dist/assets/file-code-CBd5uSKq.js               0.49 kB │ gzip:  0.32 kB
dist/assets/refresh-cw-DrOteVNp.js              0.49 kB │ gzip:  0.33 kB
dist/assets/file-text-CsUiDhpY.js               0.51 kB │ gzip:  0.32 kB
dist/assets/trash-2-CqlWZpxJ.js                 0.53 kB │ gzip:  0.36 kB
dist/assets/LoadingSkeleton-CTtatN5v.js         0.60 kB │ gzip:  0.43 kB
dist/assets/server-CkErQGKj.js                  0.88 kB │ gzip:  0.42 kB
dist/assets/brain-DBezZW_S.js                   0.91 kB │ gzip:  0.47 kB
dist/assets/EmptyState-C_OziI6e.js              1.21 kB │ gzip:  0.70 kB
dist/assets/B24Presentation-D-pjCvkv.js         1.22 kB │ gzip:  0.44 kB
dist/assets/CollabWorkflowCanvas-Bxgml9Tg.js    3.98 kB │ gzip:  1.89 kB
dist/assets/MessageList-C3qskzrl.js             4.86 kB │ gzip:  1.87 kB
dist/assets/AgentFocusView-Bu6dFMC2.js          5.09 kB │ gzip:  2.21 kB
dist/assets/WorkflowSessionView-Csh8t7TL.js     6.17 kB │ gzip:  2.52 kB
dist/assets/ApprovalCenterView-DXVU2cMw.js      8.17 kB │ gzip:  3.03 kB
dist/assets/TasksView-BTcAXlC5.js               8.66 kB │ gzip:  3.31 kB
dist/assets/ProjectsView-BDVdt0X8.js           11.58 kB │ gzip:  3.62 kB
dist/assets/RunDetailView-D0bEBGuC.js          15.45 kB │ gzip:  5.14 kB
dist/assets/GraphCanvas-CWXOA1gg.js            16.50 kB │ gzip:  5.88 kB
dist/assets/SkillsView-BmShjJDM.js             20.54 kB │ gzip:  5.89 kB
dist/assets/ExtensionsView-8g8o9i7-.js         24.18 kB │ gzip:  7.77 kB
dist/assets/LiveChatView-gTqdfTN5.js           26.48 kB │ gzip:  8.67 kB
dist/assets/SchedulesView-nxzLM1Ui.js          28.19 kB │ gzip:  8.50 kB
dist/assets/AgentsView-_LJHMLoM.js             30.16 kB │ gzip:  8.07 kB
dist/assets/ChatView-Dqvax0Uc.js               30.62 kB │ gzip:  9.05 kB
dist/assets/LiveManagementView-B7QnRQQr.js     56.78 kB │ gzip: 15.19 kB
dist/assets/CollabView-vapS8gRc.js             67.49 kB │ gzip: 20.19 kB
dist/assets/SettingsView-Bo4c76az.js          104.36 kB │ gzip: 25.47 kB
dist/assets/operant-sdk-DzfqpGzR.js           181.54 kB │ gzip: 26.20 kB
dist/assets/index-DpW1teP8.js                 192.87 kB │ gzip: 57.15 kB
dist/assets/react-vendor-Dbjw3RdR.js          287.97 kB │ gzip: 92.25 kB
✓ built in 1.70s
