
> operant-gui@2.0.0 build
> tsc && vite build && node scripts/check-bundle.mjs

vite v6.4.3 building for production...
transforming...
✓ 1726 modules transformed.
rendering chunks...
computing gzip size...
dist/index.html                                 0.96 kB │ gzip:  0.49 kB
dist/assets/LiveChatView-DrPhmyxN.css           0.17 kB │ gzip:  0.13 kB
dist/assets/ExtensionsView-hWJEVsKb.css         2.22 kB │ gzip:  0.75 kB
dist/assets/CollabView-BdVsmKKl.css             2.57 kB │ gzip:  0.82 kB
dist/assets/TasksView-CMZI2uRF.css              4.34 kB │ gzip:  1.30 kB
dist/assets/SchedulesView-BdradJ9k.css          4.69 kB │ gzip:  1.17 kB
dist/assets/B24Presentation-DfzRizey.css       18.52 kB │ gzip:  3.11 kB
dist/assets/index-Bi0YlNYB.css                104.05 kB │ gzip: 15.34 kB
dist/assets/chevron-down-BedgDX5Y.js            0.30 kB │ gzip:  0.24 kB
dist/assets/play-K2IxzC0i.js                    0.31 kB │ gzip:  0.25 kB
dist/assets/square-DPMkofHU.js                  0.32 kB │ gzip:  0.26 kB
dist/assets/arrow-right-D5r8XEcd.js             0.34 kB │ gzip:  0.27 kB
dist/assets/arrow-left-DkALKsDn.js              0.34 kB │ gzip:  0.27 kB
dist/assets/terminal-DYvmXG4g.js                0.36 kB │ gzip:  0.28 kB
dist/assets/pause-ByZr4-26.js                   0.38 kB │ gzip:  0.27 kB
dist/assets/panel-left-open-CpvOFouX.js         0.41 kB │ gzip:  0.30 kB
dist/assets/activity-C_BHd0KA.js                0.41 kB │ gzip:  0.30 kB
dist/assets/history-BekCr7JP.js                 0.41 kB │ gzip:  0.30 kB
dist/assets/menu-Bk6ssZ7c.js                    0.42 kB │ gzip:  0.28 kB
dist/assets/external-link-Fy_GwFvX.js           0.42 kB │ gzip:  0.30 kB
dist/assets/archive-zQ5GGjh3.js                 0.43 kB │ gzip:  0.31 kB
dist/assets/link-DH1B9gsA.js                    0.43 kB │ gzip:  0.30 kB
dist/assets/wrench-D10fBi0C.js                  0.43 kB │ gzip:  0.31 kB
dist/assets/download-BPCYgLBp.js                0.44 kB │ gzip:  0.32 kB
dist/assets/workflow-C1CeJOq3.js                0.44 kB │ gzip:  0.31 kB
dist/assets/pencil-lDggLr5J.js                  0.45 kB │ gzip:  0.33 kB
dist/assets/send-horizontal-B_cDsT_i.js         0.46 kB │ gzip:  0.33 kB
dist/assets/file-code-DzZ8i9iC.js               0.49 kB │ gzip:  0.32 kB
dist/assets/refresh-cw-XIlkOpRr.js              0.49 kB │ gzip:  0.33 kB
dist/assets/file-text-D1goTZwf.js               0.51 kB │ gzip:  0.32 kB
dist/assets/trash-2-Brvfi3WQ.js                 0.53 kB │ gzip:  0.35 kB
dist/assets/LoadingSkeleton-CTtatN5v.js         0.60 kB │ gzip:  0.43 kB
dist/assets/server-DyQb8OhE.js                  0.88 kB │ gzip:  0.42 kB
dist/assets/brain-DxU9tG49.js                   0.91 kB │ gzip:  0.47 kB
dist/assets/EmptyState-GYI6Y3jA.js              1.21 kB │ gzip:  0.70 kB
dist/assets/B24Presentation-D-pjCvkv.js         1.22 kB │ gzip:  0.44 kB
dist/assets/CollabWorkflowCanvas-D8XMFneC.js    3.98 kB │ gzip:  1.89 kB
dist/assets/MessageList-C8qstJDN.js             4.86 kB │ gzip:  1.87 kB
dist/assets/AgentFocusView-CCFl9dy8.js          5.09 kB │ gzip:  2.21 kB
dist/assets/WorkflowSessionView-ByOO1JCD.js     6.17 kB │ gzip:  2.52 kB
dist/assets/ApprovalCenterView-BtiCiCi9.js      8.17 kB │ gzip:  3.04 kB
dist/assets/TasksView-ClSlKx3w.js               8.66 kB │ gzip:  3.32 kB
dist/assets/ProjectsView-BE5dHuJP.js           11.58 kB │ gzip:  3.63 kB
dist/assets/RunDetailView-BIK6LGQx.js          15.45 kB │ gzip:  5.14 kB
dist/assets/GraphCanvas-BJxk0isA.js            16.50 kB │ gzip:  5.88 kB
dist/assets/SkillsView-C9nNyTAT.js             20.54 kB │ gzip:  5.89 kB
dist/assets/ExtensionsView-BsuPk75F.js         24.18 kB │ gzip:  7.78 kB
dist/assets/LiveChatView-NpgEA2Rb.js           26.48 kB │ gzip:  8.67 kB
dist/assets/SchedulesView-drVXHP4b.js          28.19 kB │ gzip:  8.51 kB
dist/assets/AgentsView-y86_WQn0.js             30.16 kB │ gzip:  8.08 kB
dist/assets/ChatView-CmLWOKA3.js               30.62 kB │ gzip:  9.06 kB
dist/assets/LiveManagementView-lHJ4-wiF.js     56.78 kB │ gzip: 15.20 kB
dist/assets/CollabView-DbuScwtL.js             67.63 kB │ gzip: 20.24 kB
dist/assets/SettingsView-CNxReCVs.js          104.36 kB │ gzip: 25.47 kB
dist/assets/operant-sdk-DzfqpGzR.js           181.54 kB │ gzip: 26.20 kB
dist/assets/index-C2-Eh8FN.js                 192.87 kB │ gzip: 57.15 kB
dist/assets/react-vendor-Dbjw3RdR.js          287.97 kB │ gzip: 92.25 kB
✓ built in 1.52s
