
> operant-gui@2.0.0 build
> tsc && vite build && node scripts/check-bundle.mjs

vite v6.4.3 building for production...
transforming...
✓ 1716 modules transformed.
rendering chunks...
computing gzip size...
dist/index.html                                 0.96 kB │ gzip:  0.49 kB
dist/assets/LiveChatView-DrPhmyxN.css           0.17 kB │ gzip:  0.13 kB
dist/assets/ExtensionsView-hWJEVsKb.css         2.22 kB │ gzip:  0.75 kB
dist/assets/CollabView-BdVsmKKl.css             2.57 kB │ gzip:  0.82 kB
dist/assets/TasksView-CMZI2uRF.css              4.34 kB │ gzip:  1.30 kB
dist/assets/SchedulesView-BdradJ9k.css          4.69 kB │ gzip:  1.17 kB
dist/assets/index-DjYEcxTw.css                 88.73 kB │ gzip: 13.33 kB
dist/assets/chevron-down-DDCFQM31.js            0.30 kB │ gzip:  0.25 kB
dist/assets/play-CtgroDxv.js                    0.31 kB │ gzip:  0.25 kB
dist/assets/square-DaT-E3jE.js                  0.32 kB │ gzip:  0.26 kB
dist/assets/arrow-right-QCQC37jD.js             0.34 kB │ gzip:  0.27 kB
dist/assets/arrow-left-fm-eRhc0.js              0.34 kB │ gzip:  0.27 kB
dist/assets/terminal-CdjeK8q2.js                0.36 kB │ gzip:  0.29 kB
dist/assets/pause-m9smQrhO.js                   0.38 kB │ gzip:  0.27 kB
dist/assets/panel-left-open-BGD8jGvy.js         0.41 kB │ gzip:  0.30 kB
dist/assets/activity-eynAHrdf.js                0.41 kB │ gzip:  0.31 kB
dist/assets/history-1YbcH2J5.js                 0.41 kB │ gzip:  0.30 kB
dist/assets/menu-Cd1mKTaw.js                    0.42 kB │ gzip:  0.28 kB
dist/assets/external-link-Czprx5wG.js           0.42 kB │ gzip:  0.31 kB
dist/assets/wrench-BsDKHpKC.js                  0.43 kB │ gzip:  0.31 kB
dist/assets/download-nrsFZOK_.js                0.44 kB │ gzip:  0.32 kB
dist/assets/workflow-BrIZhAFv.js                0.44 kB │ gzip:  0.31 kB
dist/assets/pencil-BvrYKnXn.js                  0.45 kB │ gzip:  0.33 kB
dist/assets/send-horizontal-a3bhDam9.js         0.46 kB │ gzip:  0.33 kB
dist/assets/file-code-zEpdRUpp.js               0.49 kB │ gzip:  0.32 kB
dist/assets/refresh-cw-32APushX.js              0.49 kB │ gzip:  0.33 kB
dist/assets/file-text-B32jE2Pk.js               0.51 kB │ gzip:  0.32 kB
dist/assets/trash-2-nU8J3Kbz.js                 0.53 kB │ gzip:  0.36 kB
dist/assets/LoadingSkeleton-CTtatN5v.js         0.60 kB │ gzip:  0.43 kB
dist/assets/folder-iYVhJxUr.js                  0.74 kB │ gzip:  0.36 kB
dist/assets/server-BnvOn4dm.js                  0.88 kB │ gzip:  0.42 kB
dist/assets/brain-CTxFd1oj.js                   0.91 kB │ gzip:  0.47 kB
dist/assets/EmptyState-CPXhccnt.js              1.21 kB │ gzip:  0.70 kB
dist/assets/CollabWorkflowCanvas-NZlfWQ3H.js    3.98 kB │ gzip:  1.89 kB
dist/assets/MessageList-DHCSX6DP.js             4.86 kB │ gzip:  1.87 kB
dist/assets/AgentFocusView-VDusyGGN.js          5.09 kB │ gzip:  2.20 kB
dist/assets/WorkflowSessionView-Ba-tyDP1.js     6.17 kB │ gzip:  2.52 kB
dist/assets/ApprovalCenterView-HOsIDl4N.js      8.16 kB │ gzip:  3.03 kB
dist/assets/TasksView-DV1gEf2r.js               8.66 kB │ gzip:  3.32 kB
dist/assets/RunDetailView-s3LH9A6r.js          15.44 kB │ gzip:  5.14 kB
dist/assets/ProjectsView-BIs21Kh4.js           16.25 kB │ gzip:  4.97 kB
dist/assets/GraphCanvas-QGzKAIY6.js            16.50 kB │ gzip:  5.88 kB
dist/assets/SkillsView-1YwAQ2sS.js             20.26 kB │ gzip:  5.74 kB
dist/assets/LiveChatView-D8wNm4jH.js           22.42 kB │ gzip:  7.22 kB
dist/assets/ExtensionsView-BGt_kImC.js         23.73 kB │ gzip:  7.57 kB
dist/assets/SchedulesView-D9onbkU-.js          28.19 kB │ gzip:  8.50 kB
dist/assets/AgentsView-BrB6VSGy.js             30.16 kB │ gzip:  8.08 kB
dist/assets/ChatView-BqDH3Ocy.js               30.94 kB │ gzip:  9.12 kB
dist/assets/CollabView-i1A7Gkx3.js             38.43 kB │ gzip: 12.24 kB
dist/assets/SettingsView-CVQz8_3U.js          104.51 kB │ gzip: 25.37 kB
dist/assets/operant-sdk-Cdz6B7jL.js           170.03 kB │ gzip: 25.50 kB
dist/assets/index-DZFQrhfK.js                 192.22 kB │ gzip: 56.96 kB
dist/assets/react-vendor-Dbjw3RdR.js          287.97 kB │ gzip: 92.25 kB
✓ built in 1.33s
