
> operant-gui@2.0.0 build
> tsc && vite build && node scripts/check-bundle.mjs

vite v6.4.3 building for production...
transforming...
✓ 1720 modules transformed.
rendering chunks...
computing gzip size...
dist/index.html                                 0.96 kB │ gzip:  0.49 kB
dist/assets/LiveChatView-DrPhmyxN.css           0.17 kB │ gzip:  0.13 kB
dist/assets/ExtensionsView-hWJEVsKb.css         2.22 kB │ gzip:  0.75 kB
dist/assets/CollabView-BdVsmKKl.css             2.57 kB │ gzip:  0.82 kB
dist/assets/TasksView-CMZI2uRF.css              4.34 kB │ gzip:  1.30 kB
dist/assets/SchedulesView-BdradJ9k.css          4.69 kB │ gzip:  1.17 kB
dist/assets/index-BpOU5PQd.css                103.16 kB │ gzip: 15.35 kB
dist/assets/chevron-down-Dt7pN_k7.js            0.30 kB │ gzip:  0.25 kB
dist/assets/play-qpuWCwRh.js                    0.31 kB │ gzip:  0.25 kB
dist/assets/square-DJiyzcXX.js                  0.32 kB │ gzip:  0.26 kB
dist/assets/arrow-right-C5DNMDOJ.js             0.34 kB │ gzip:  0.27 kB
dist/assets/arrow-left-D2d7HM7b.js              0.34 kB │ gzip:  0.27 kB
dist/assets/terminal-C38asvZg.js                0.36 kB │ gzip:  0.29 kB
dist/assets/pause-D0EBBFFy.js                   0.38 kB │ gzip:  0.27 kB
dist/assets/panel-left-open-KojQmxJd.js         0.41 kB │ gzip:  0.30 kB
dist/assets/activity-MzM9Dw8_.js                0.41 kB │ gzip:  0.31 kB
dist/assets/history-C96UJoU-.js                 0.41 kB │ gzip:  0.30 kB
dist/assets/menu-6oX4sVg9.js                    0.42 kB │ gzip:  0.28 kB
dist/assets/external-link-hCaxWpXN.js           0.42 kB │ gzip:  0.30 kB
dist/assets/archive-D7ftVXUk.js                 0.43 kB │ gzip:  0.31 kB
dist/assets/wrench-XXtEhGpo.js                  0.43 kB │ gzip:  0.31 kB
dist/assets/download-L8AwFk-g.js                0.44 kB │ gzip:  0.32 kB
dist/assets/workflow-D2cpPaUk.js                0.44 kB │ gzip:  0.31 kB
dist/assets/pencil-pI3W7phk.js                  0.45 kB │ gzip:  0.33 kB
dist/assets/send-horizontal-DfWdraYn.js         0.46 kB │ gzip:  0.33 kB
dist/assets/file-code-B3IVwKZe.js               0.49 kB │ gzip:  0.32 kB
dist/assets/refresh-cw-gDDG-cFT.js              0.49 kB │ gzip:  0.33 kB
dist/assets/file-text-CEo5LcpZ.js               0.51 kB │ gzip:  0.32 kB
dist/assets/trash-2-YcMYub-M.js                 0.53 kB │ gzip:  0.36 kB
dist/assets/LoadingSkeleton-CTtatN5v.js         0.60 kB │ gzip:  0.43 kB
dist/assets/server-BoJIqJ1R.js                  0.88 kB │ gzip:  0.42 kB
dist/assets/brain-svzp3glc.js                   0.91 kB │ gzip:  0.47 kB
dist/assets/EmptyState-BAu1Ky8x.js              1.21 kB │ gzip:  0.70 kB
dist/assets/CollabWorkflowCanvas-BTi-lv3J.js    3.98 kB │ gzip:  1.89 kB
dist/assets/MessageList-DkhIHUpp.js             4.86 kB │ gzip:  1.87 kB
dist/assets/AgentFocusView-334D4s-E.js          5.09 kB │ gzip:  2.21 kB
dist/assets/WorkflowSessionView-CeQlQvzX.js     6.17 kB │ gzip:  2.52 kB
dist/assets/ApprovalCenterView-DRKtTGyF.js      8.13 kB │ gzip:  3.02 kB
dist/assets/TasksView-B85BDslM.js               8.66 kB │ gzip:  3.32 kB
dist/assets/ProjectsView-DrtQYCTL.js           11.58 kB │ gzip:  3.62 kB
dist/assets/RunDetailView-CeH07sbQ.js          15.41 kB │ gzip:  5.12 kB
dist/assets/GraphCanvas-B1Ue7hLV.js            16.50 kB │ gzip:  5.88 kB
dist/assets/SkillsView-DSGNmJqp.js             20.54 kB │ gzip:  5.89 kB
dist/assets/LiveChatView-CpGMIa7C.js           23.06 kB │ gzip:  7.36 kB
dist/assets/ExtensionsView-B63Pgxkt.js         24.03 kB │ gzip:  7.73 kB
dist/assets/SchedulesView-ufAOym27.js          28.19 kB │ gzip:  8.51 kB
dist/assets/AgentsView-B80sZlUd.js             30.16 kB │ gzip:  8.08 kB
dist/assets/ChatView-B8LZNx_M.js               30.58 kB │ gzip:  9.03 kB
dist/assets/CollabView-DOiKML_U.js             38.43 kB │ gzip: 12.23 kB
dist/assets/LiveManagementView-BqLYPc-m.js     53.87 kB │ gzip: 14.45 kB
dist/assets/SettingsView-Dl9y7DUs.js          104.69 kB │ gzip: 25.53 kB
dist/assets/operant-sdk-5c4_NynW.js           175.17 kB │ gzip: 25.82 kB
dist/assets/index-DkqVWlJo.js                 192.66 kB │ gzip: 57.08 kB
dist/assets/react-vendor-Dbjw3RdR.js          287.97 kB │ gzip: 92.25 kB
✓ built in 1.19s
