
> operant-desktop@0.1.0 tauri
> tauri build --debug --bundles app

        Info Looking up installed tauri packages to check mismatched versions...
     Running beforeBuildCommand `npm --prefix ../gui run build`

> operant-gui@2.0.0 build
> tsc && vite build && node scripts/check-bundle.mjs

vite v6.4.3 building for production...
transforming...
✓ 1738 modules transformed.
rendering chunks...
computing gzip size...
dist/index.html                                 0.96 kB │ gzip:  0.49 kB
dist/assets/LiveChatView-DrPhmyxN.css           0.17 kB │ gzip:  0.13 kB
dist/assets/ExtensionsView-hWJEVsKb.css         2.22 kB │ gzip:  0.75 kB
dist/assets/CollabView-BdVsmKKl.css             2.57 kB │ gzip:  0.82 kB
dist/assets/TasksView-CMZI2uRF.css              4.34 kB │ gzip:  1.30 kB
dist/assets/SchedulesView-BdradJ9k.css          4.69 kB │ gzip:  1.17 kB
dist/assets/B24Presentation-DfzRizey.css       18.52 kB │ gzip:  3.11 kB
dist/assets/LiveManagementView-D4_oVp-3.css    26.21 kB │ gzip:  4.09 kB
dist/assets/index-Bi0YlNYB.css                104.05 kB │ gzip: 15.34 kB
dist/assets/chevron-down-CqaE21La.js            0.30 kB │ gzip:  0.25 kB
dist/assets/play-DDolZ5RL.js                    0.31 kB │ gzip:  0.25 kB
dist/assets/square-CPCCbxAS.js                  0.32 kB │ gzip:  0.26 kB
dist/assets/arrow-right-D5UPrIyR.js             0.34 kB │ gzip:  0.27 kB
dist/assets/arrow-left-BTxFUpfP.js              0.34 kB │ gzip:  0.27 kB
dist/assets/terminal-B_3m_OCB.js                0.36 kB │ gzip:  0.29 kB
dist/assets/pause-DIOuPFF6.js                   0.38 kB │ gzip:  0.27 kB
dist/assets/panel-left-open-DKhxqtnH.js         0.41 kB │ gzip:  0.30 kB
dist/assets/activity-C6LAMvQQ.js                0.41 kB │ gzip:  0.31 kB
dist/assets/history-_jhbqsVh.js                 0.41 kB │ gzip:  0.30 kB
dist/assets/menu-DSDWwxE_.js                    0.42 kB │ gzip:  0.28 kB
dist/assets/database-D-dFXWK4.js                0.42 kB │ gzip:  0.31 kB
dist/assets/external-link-CgiRjdvB.js           0.42 kB │ gzip:  0.31 kB
dist/assets/link-IuuSUL4p.js                    0.43 kB │ gzip:  0.30 kB
dist/assets/wrench-ciy7YNtz.js                  0.43 kB │ gzip:  0.31 kB
dist/assets/download-CZQ3D-gy.js                0.44 kB │ gzip:  0.32 kB
dist/assets/workflow-O3Miolxa.js                0.44 kB │ gzip:  0.31 kB
dist/assets/pencil-BO5NGrx9.js                  0.45 kB │ gzip:  0.33 kB
dist/assets/send-horizontal-Dux-fT3w.js         0.46 kB │ gzip:  0.33 kB
dist/assets/file-code-BBeozMWp.js               0.49 kB │ gzip:  0.32 kB
dist/assets/refresh-cw-C5SAtKQ0.js              0.49 kB │ gzip:  0.33 kB
dist/assets/file-text-TAh5bPk5.js               0.51 kB │ gzip:  0.32 kB
dist/assets/trash-2-59kG8PNL.js                 0.53 kB │ gzip:  0.36 kB
dist/assets/LoadingSkeleton-CTtatN5v.js         0.60 kB │ gzip:  0.43 kB
dist/assets/server-DxUcQKm5.js                  0.88 kB │ gzip:  0.42 kB
dist/assets/share-2-CYIsA2_j.js                 0.90 kB │ gzip:  0.45 kB
dist/assets/brain-CDRF6oLo.js                   0.91 kB │ gzip:  0.47 kB
dist/assets/EmptyState-Bstfd34G.js              1.21 kB │ gzip:  0.70 kB
dist/assets/B24Presentation-D-pjCvkv.js         1.22 kB │ gzip:  0.44 kB
dist/assets/CollabWorkflowCanvas-Cthtdvpy.js    3.98 kB │ gzip:  1.89 kB
dist/assets/MessageList-CzM5lhcN.js             4.86 kB │ gzip:  1.87 kB
dist/assets/AgentFocusView-D9zTJM5o.js          5.09 kB │ gzip:  2.20 kB
dist/assets/WorkflowSessionView-CYBwoAoU.js     6.17 kB │ gzip:  2.52 kB
dist/assets/ApprovalCenterView-DHiP3KsL.js      8.17 kB │ gzip:  3.03 kB
dist/assets/TasksView-BCPd3HbN.js               8.66 kB │ gzip:  3.32 kB
dist/assets/ProjectsView-B7JHVVVM.js           11.64 kB │ gzip:  3.65 kB
dist/assets/RunDetailView-OI0pvRUR.js          15.45 kB │ gzip:  5.14 kB
dist/assets/GraphCanvas-D-p_JibX.js            16.50 kB │ gzip:  5.88 kB
dist/assets/SkillsView-Bbh5gO9H.js             20.64 kB │ gzip:  5.94 kB
dist/assets/ExtensionsView-48MG11eS.js         24.27 kB │ gzip:  7.82 kB
dist/assets/LiveChatView-DTnIgL5V.js           27.50 kB │ gzip:  9.07 kB
dist/assets/SchedulesView-jdVqV4xR.js          28.19 kB │ gzip:  8.51 kB
dist/assets/AgentsView-Chit-uRQ.js             29.84 kB │ gzip:  7.86 kB
dist/assets/ChatView-B057cwDq.js               30.15 kB │ gzip:  8.92 kB
dist/assets/CollabView-BdyNL4q3.js             67.63 kB │ gzip: 20.24 kB
dist/assets/SettingsView-Cthwuu8p.js          103.16 kB │ gzip: 25.27 kB
dist/assets/LiveManagementView-3pkZDg1i.js    141.62 kB │ gzip: 37.46 kB
dist/assets/index-D6M0JPzP.js                 192.98 kB │ gzip: 57.18 kB
dist/assets/operant-sdk-Df-KaCp0.js           198.09 kB │ gzip: 27.10 kB
dist/assets/react-vendor-Dbjw3RdR.js          287.97 kB │ gzip: 92.25 kB
✓ built in 1.71s
   Compiling operant-desktop v0.1.0 (/Users/bigo/agentworkspace/codexworkspace/operant/.worktrees/b2-7/clients/desktop/src-tauri)
    Finished `dev` profile [unoptimized + debuginfo] target(s) in 23.66s
       Built application at: /Users/bigo/agentworkspace/codexworkspace/operant/.worktrees/b2-7/.operant/native-target/debug/operant-desktop
    Bundling Operant.app (/Users/bigo/agentworkspace/codexworkspace/operant/.worktrees/b2-7/.operant/native-target/debug/bundle/macos/Operant.app)
    Finished 1 bundle at:
        /Users/bigo/agentworkspace/codexworkspace/operant/.worktrees/b2-7/.operant/native-target/debug/bundle/macos/Operant.app

