
> operant-desktop@0.1.0 tauri
> tauri build --bundles app

        Info Looking up installed tauri packages to check mismatched versions...
     Running beforeBuildCommand `npm --prefix ../gui run build`

> operant-gui@2.0.0 build
> tsc && vite build && node scripts/check-bundle.mjs

vite v6.4.3 building for production...
transforming...
✓ 1738 modules transformed.
rendering chunks...
computing gzip size...
dist/index.html                                 0.96 kB │ gzip:  0.49 kB
dist/assets/LiveChatView-DrPhmyxN.css           0.17 kB │ gzip:  0.13 kB
dist/assets/ExtensionsView-hWJEVsKb.css         2.22 kB │ gzip:  0.75 kB
dist/assets/CollabView-BdVsmKKl.css             2.57 kB │ gzip:  0.82 kB
dist/assets/TasksView-CMZI2uRF.css              4.34 kB │ gzip:  1.30 kB
dist/assets/SchedulesView-BdradJ9k.css          4.69 kB │ gzip:  1.17 kB
dist/assets/B24Presentation-DfzRizey.css       18.52 kB │ gzip:  3.11 kB
dist/assets/LiveManagementView-D4_oVp-3.css    26.21 kB │ gzip:  4.09 kB
dist/assets/index-Bi0YlNYB.css                104.05 kB │ gzip: 15.34 kB
dist/assets/chevron-down-CqaE21La.js            0.30 kB │ gzip:  0.25 kB
dist/assets/play-DDolZ5RL.js                    0.31 kB │ gzip:  0.25 kB
dist/assets/square-CPCCbxAS.js                  0.32 kB │ gzip:  0.26 kB
dist/assets/arrow-right-D5UPrIyR.js             0.34 kB │ gzip:  0.27 kB
dist/assets/arrow-left-BTxFUpfP.js              0.34 kB │ gzip:  0.27 kB
dist/assets/terminal-B_3m_OCB.js                0.36 kB │ gzip:  0.29 kB
dist/assets/pause-DIOuPFF6.js                   0.38 kB │ gzip:  0.27 kB
dist/assets/panel-left-open-DKhxqtnH.js         0.41 kB │ gzip:  0.30 kB
dist/assets/activity-C6LAMvQQ.js                0.41 kB │ gzip:  0.31 kB
dist/assets/history-_jhbqsVh.js                 0.41 kB │ gzip:  0.30 kB
dist/assets/menu-DSDWwxE_.js                    0.42 kB │ gzip:  0.28 kB
dist/assets/database-D-dFXWK4.js                0.42 kB │ gzip:  0.31 kB
dist/assets/external-link-CgiRjdvB.js           0.42 kB │ gzip:  0.31 kB
dist/assets/link-IuuSUL4p.js                    0.43 kB │ gzip:  0.30 kB
dist/assets/wrench-ciy7YNtz.js                  0.43 kB │ gzip:  0.31 kB
dist/assets/download-CZQ3D-gy.js                0.44 kB │ gzip:  0.32 kB
dist/assets/workflow-O3Miolxa.js                0.44 kB │ gzip:  0.31 kB
dist/assets/pencil-BO5NGrx9.js                  0.45 kB │ gzip:  0.33 kB
dist/assets/send-horizontal-Dux-fT3w.js         0.46 kB │ gzip:  0.33 kB
dist/assets/file-code-BBeozMWp.js               0.49 kB │ gzip:  0.32 kB
dist/assets/refresh-cw-C5SAtKQ0.js              0.49 kB │ gzip:  0.33 kB
dist/assets/file-text-TAh5bPk5.js               0.51 kB │ gzip:  0.32 kB
dist/assets/trash-2-59kG8PNL.js                 0.53 kB │ gzip:  0.36 kB
dist/assets/LoadingSkeleton-CTtatN5v.js         0.60 kB │ gzip:  0.43 kB
dist/assets/server-DxUcQKm5.js                  0.88 kB │ gzip:  0.42 kB
dist/assets/share-2-CYIsA2_j.js                 0.90 kB │ gzip:  0.45 kB
dist/assets/brain-CDRF6oLo.js                   0.91 kB │ gzip:  0.47 kB
dist/assets/EmptyState-Bstfd34G.js              1.21 kB │ gzip:  0.70 kB
dist/assets/B24Presentation-D-pjCvkv.js         1.22 kB │ gzip:  0.44 kB
dist/assets/CollabWorkflowCanvas-Cthtdvpy.js    3.98 kB │ gzip:  1.89 kB
dist/assets/MessageList-CzM5lhcN.js             4.86 kB │ gzip:  1.87 kB
dist/assets/AgentFocusView-D9zTJM5o.js          5.09 kB │ gzip:  2.20 kB
dist/assets/WorkflowSessionView-CYBwoAoU.js     6.17 kB │ gzip:  2.52 kB
dist/assets/ApprovalCenterView-DHiP3KsL.js      8.17 kB │ gzip:  3.03 kB
dist/assets/TasksView-BCPd3HbN.js               8.66 kB │ gzip:  3.32 kB
dist/assets/ProjectsView-B7JHVVVM.js           11.64 kB │ gzip:  3.65 kB
dist/assets/RunDetailView-OI0pvRUR.js          15.45 kB │ gzip:  5.14 kB
dist/assets/GraphCanvas-D-p_JibX.js            16.50 kB │ gzip:  5.88 kB
dist/assets/SkillsView-Bbh5gO9H.js             20.64 kB │ gzip:  5.94 kB
dist/assets/ExtensionsView-48MG11eS.js         24.27 kB │ gzip:  7.82 kB
dist/assets/LiveChatView-DTnIgL5V.js           27.50 kB │ gzip:  9.07 kB
dist/assets/SchedulesView-jdVqV4xR.js          28.19 kB │ gzip:  8.51 kB
dist/assets/AgentsView-Chit-uRQ.js             29.84 kB │ gzip:  7.86 kB
dist/assets/ChatView-B057cwDq.js               30.15 kB │ gzip:  8.92 kB
dist/assets/CollabView-BdyNL4q3.js             67.63 kB │ gzip: 20.24 kB
dist/assets/SettingsView-Cthwuu8p.js          103.16 kB │ gzip: 25.27 kB
dist/assets/LiveManagementView-3pkZDg1i.js    141.62 kB │ gzip: 37.46 kB
dist/assets/index-D6M0JPzP.js                 192.98 kB │ gzip: 57.18 kB
dist/assets/operant-sdk-Df-KaCp0.js           198.09 kB │ gzip: 27.10 kB
dist/assets/react-vendor-Dbjw3RdR.js          287.97 kB │ gzip: 92.25 kB
✓ built in 1.51s
   Compiling proc-macro2 v1.0.107
   Compiling unicode-ident v1.0.24
   Compiling quote v1.0.47
   Compiling serde_core v1.0.229
   Compiling libc v0.2.189
   Compiling siphasher v1.0.3
   Compiling icu_properties_data v2.3.0
   Compiling icu_normalizer_data v2.3.0
   Compiling phf_shared v0.13.1
   Compiling zmij v1.0.23
   Compiling fastrand v2.5.0
   Compiling stable_deref_trait v1.2.1
   Compiling cfg-if v1.0.4
   Compiling phf_generator v0.13.1
   Compiling find-msvc-tools v0.1.12
   Compiling shlex v2.0.1
   Compiling memchr v2.8.3
   Compiling cc v1.4.5
   Compiling smallvec v1.16.0
   Compiling serde v1.0.229
   Compiling itoa v1.0.18
   Compiling typeid v1.0.3
   Compiling time-core v0.1.9
   Compiling thiserror v2.0.20
   Compiling num-conv v0.2.2
   Compiling phf_codegen v0.13.1
   Compiling serde_json v1.0.151
   Compiling strsim v0.11.1
   Compiling ident_case v1.0.1
   Compiling thiserror v1.0.69
   Compiling litemap v0.8.3
   Compiling erased-serde v0.4.10
   Compiling writeable v0.6.4
   Compiling objc2-exception-helper v0.1.1
   Compiling parking_lot_core v0.9.12
   Compiling utf8_iter v1.0.4
   Compiling syn v2.0.119
   Compiling syn v3.0.4
   Compiling new_debug_unreachable v1.0.6
   Compiling version_check v0.9.5
   Compiling anyhow v1.0.104
   Compiling scopeguard v1.2.0
   Compiling lock_api v0.4.14
   Compiling string_cache_codegen v0.6.1
   Compiling precomputed-hash v0.1.1
   Compiling objc2 v0.6.4
   Compiling getrandom v0.4.3
   Compiling winnow v1.0.4
   Compiling parking_lot v0.12.5
   Compiling web_atoms v0.2.6
   Compiling toml_parser v1.1.3+spec-1.1.0
   Compiling toml_writer v1.1.2+spec-1.1.0
   Compiling ctor-proc-macro v0.0.7
   Compiling objc2-encode v4.1.0
   Compiling bitflags v2.13.1
   Compiling string_cache v0.9.0
   Compiling serde_spanned v1.1.1
   Compiling semver v1.0.28
   Compiling crc32fast v1.5.1
   Compiling percent-encoding v2.3.2
   Compiling log v0.4.34
   Compiling dtoa v1.0.11
   Compiling autocfg v1.5.1
   Compiling dtoa-short v0.3.5
   Compiling form_urlencoded v1.2.2
   Compiling uuid v1.26.0
   Compiling toml_datetime v1.1.1+spec-1.1.0
   Compiling indexmap v1.9.3
   Compiling tendril v0.5.1
   Compiling selectors v0.36.1
   Compiling aho-corasick v1.1.5
   Compiling regex-syntax v0.8.11
   Compiling byteorder v1.5.0
   Compiling unic-char-range v0.9.0
   Compiling unic-common v0.9.0
   Compiling alloc-no-stdlib v2.0.4
   Compiling camino v1.2.5
   Compiling alloc-stdlib v0.2.4
   Compiling unic-ucd-version v0.9.0
   Compiling unic-char-property v0.9.0
   Compiling toml v1.1.5+spec-1.1.0
   Compiling servo_arc v0.4.3
   Compiling deranged v0.5.8
   Compiling synstructure v0.13.2
   Compiling darling_core v0.23.0
   Compiling serde_derive_internals v0.29.1
   Compiling rustc-hash v2.1.3
   Compiling zerovec-derive v0.11.6
   Compiling serde_derive v1.0.229
   Compiling displaydoc v0.2.7
   Compiling zerofrom-derive v0.1.7
   Compiling yoke-derive v0.8.2
   Compiling phf_macros v0.13.1
   Compiling thiserror-impl v2.0.20
   Compiling thiserror-impl v1.0.69
   Compiling phf v0.13.1
   Compiling zerofrom v0.1.8
   Compiling cssparser-macros v0.6.1
   Compiling derive_more-impl v2.1.1
   Compiling yoke v0.8.3
   Compiling cssparser v0.36.0
   Compiling regex-automata v0.4.18
   Compiling zerovec v0.11.8
   Compiling zerotrie v0.2.5
   Compiling darling_macro v0.23.0
   Compiling derive_more v2.1.1
   Compiling tinystr v0.8.4
   Compiling potential_utf v0.1.6
   Compiling darling v0.23.0
   Compiling markup5ever v0.38.0
   Compiling icu_collections v2.3.0
   Compiling icu_locale_core v2.3.0
   Compiling serde_with_macros v3.22.0
   Compiling schemars v0.8.22
   Compiling powerfmt v0.2.0
   Compiling equivalent v1.0.2
   Compiling fnv v1.0.7
   Compiling hashbrown v0.12.3
   Compiling hashbrown v0.17.1
   Compiling swift-rs v1.0.8
   Compiling bit-vec v0.8.0
   Compiling jsonptr v0.6.3
   Compiling bit-set v0.8.0
   Compiling icu_provider v2.3.1
   Compiling indexmap v2.14.1
   Compiling regex v1.13.1
   Compiling cargo-platform v0.1.9
   Compiling cfb v0.7.3
   Compiling time v0.3.55
   Compiling icu_properties v2.3.0
   Compiling icu_normalizer v2.3.0
   Compiling html5ever v0.38.0
   Compiling schemars_derive v0.8.22
   Compiling idna_adapter v1.2.2
   Compiling objc2-core-foundation v0.3.2
   Compiling idna v1.1.0
   Compiling url v2.5.8
   Compiling block2 v0.6.2
   Compiling unic-ucd-ident v0.9.0
   Compiling brotli-decompressor v5.0.3
   Compiling quick-xml v0.41.0
   Compiling foldhash v0.2.0
   Compiling dunce v1.0.5
   Compiling bytes v1.12.1
   Compiling base64 v0.21.7
   Compiling base64 v0.22.1
   Compiling same-file v1.0.6
   Compiling dyn-clone v1.0.20
   Compiling walkdir v2.5.0
   Compiling plist v1.10.0
   Compiling brotli v8.0.4
   Compiling objc2-foundation v0.3.2
   Compiling urlpattern v0.3.0
   Compiling dom_query v0.27.0
   Compiling http v1.5.0
   Compiling serde-untagged v0.1.9
   Compiling cargo_metadata v0.19.2
   Compiling json-patch v3.0.1
   Compiling infer v0.19.0
   Compiling serde_with v3.22.0
   Compiling ctor v0.8.0
   Compiling generic-array v0.14.7
   Compiling glob v0.3.4
   Compiling simd-adler32 v0.3.10
   Compiling rustc_version v0.4.1
   Compiling toml_datetime v0.7.5+spec-1.1.0
   Compiling time-macros v0.2.32
   Compiling option-ext v0.2.0
   Compiling adler2 v2.0.1
   Compiling typenum v1.20.1
   Compiling winnow v0.7.15
   Compiling tauri-utils v2.9.3
   Compiling dirs-sys v0.5.0
   Compiling embed-resource v3.0.11
   Compiling toml v0.9.12+spec-1.1.0
   Compiling objc2-app-kit v0.3.2
   Compiling crossbeam-utils v0.8.22
   Compiling heck v0.5.0
   Compiling cargo_toml v0.22.3
   Compiling tauri-winres v0.3.6
   Compiling dirs v6.0.0
   Compiling miniz_oxide v0.9.1
   Compiling dpi v0.1.2
   Compiling cookie v0.18.2
   Compiling raw-window-handle v0.6.2
   Compiling core-foundation-sys v0.8.7
   Compiling core-foundation v0.10.1
   Compiling flate2 v1.1.10
   Compiling tauri-build v2.6.3
   Compiling crypto-common v0.1.7
   Compiling block-buffer v0.10.4
   Compiling miniz_oxide v0.8.9
   Compiling fdeflate v0.3.7
   Compiling foreign-types-macros v0.2.4
   Compiling once_cell v1.21.4
   Compiling foreign-types-shared v0.3.1
   Compiling bitflags v1.3.2
   Compiling png v0.17.16
   Compiling foreign-types v0.5.0
   Compiling digest v0.10.7
   Compiling crossbeam-channel v0.5.16
   Compiling objc2-web-kit v0.3.2
   Compiling core-graphics-types v0.2.0
   Compiling cpufeatures v0.2.17
   Compiling wry v0.55.1
   Compiling tauri-runtime v2.11.3
   Compiling sha2 v0.10.9
   Compiling tauri v2.11.5
   Compiling core-graphics v0.25.0
   Compiling ico v0.5.0
   Compiling dispatch2 v0.3.1
   Compiling getrandom v0.3.4
   Compiling tauri-runtime-wry v2.11.4
   Compiling unicode-segmentation v1.13.3
   Compiling tao v0.35.3
   Compiling png v0.18.1
   Compiling keyboard-types v0.7.0
   Compiling tauri-codegen v2.6.3
   Compiling serialize-to-javascript-impl v0.1.2
   Compiling pin-project-lite v0.2.17
   Compiling tokio v1.53.1
   Compiling tauri-macros v2.6.3
   Compiling serialize-to-javascript v0.1.2
   Compiling muda v0.19.3
   Compiling operant-desktop v0.1.0 (/Users/bigo/agentworkspace/codexworkspace/operant/.worktrees/b2-7/clients/desktop/src-tauri)
   Compiling window-vibrancy v0.6.0
   Compiling serde_repr v0.1.21
   Compiling mime v0.3.17
   Compiling embed_plist v1.2.2
    Finished `release` profile [optimized] target(s) in 1m 42s
       Built application at: /Users/bigo/agentworkspace/codexworkspace/operant/.worktrees/b2-7/.operant/native-target/release/operant-desktop
    Bundling Operant.app (/Users/bigo/agentworkspace/codexworkspace/operant/.worktrees/b2-7/.operant/native-target/release/bundle/macos/Operant.app)
    Finished 1 bundle at:
        /Users/bigo/agentworkspace/codexworkspace/operant/.worktrees/b2-7/.operant/native-target/release/bundle/macos/Operant.app

