
> operant-gui@2.0.0 build
> tsc && vite build && node scripts/check-bundle.mjs

vite v6.4.3 building for production...
transforming...
✓ 1716 modules transformed.
rendering chunks...
computing gzip size...
dist/index.html                                 0.96 kB │ gzip:  0.49 kB
dist/assets/LiveChatView-DrPhmyxN.css           0.17 kB │ gzip:  0.13 kB
dist/assets/ExtensionsView-hWJEVsKb.css         2.22 kB │ gzip:  0.75 kB
dist/assets/CollabView-BdVsmKKl.css             2.57 kB │ gzip:  0.82 kB
dist/assets/TasksView-CMZI2uRF.css              4.34 kB │ gzip:  1.30 kB
dist/assets/SchedulesView-BdradJ9k.css          4.69 kB │ gzip:  1.17 kB
dist/assets/index-DjYEcxTw.css                 88.73 kB │ gzip: 13.33 kB
dist/assets/chevron-down-C-id7D7C.js            0.30 kB │ gzip:  0.25 kB
dist/assets/play-BDFnjFmE.js                    0.31 kB │ gzip:  0.25 kB
dist/assets/square-Dh26qlXo.js                  0.32 kB │ gzip:  0.26 kB
dist/assets/arrow-right-CcKi9Nww.js             0.34 kB │ gzip:  0.27 kB
dist/assets/arrow-left-mDzE8ecj.js              0.34 kB │ gzip:  0.27 kB
dist/assets/terminal-cVXxWdZB.js                0.36 kB │ gzip:  0.28 kB
dist/assets/pause-DQHPMVN8.js                   0.38 kB │ gzip:  0.27 kB
dist/assets/panel-left-open-BMSkXYqB.js         0.41 kB │ gzip:  0.30 kB
dist/assets/activity-wixQpG3R.js                0.41 kB │ gzip:  0.31 kB
dist/assets/history-COKysE3W.js                 0.41 kB │ gzip:  0.30 kB
dist/assets/menu-DJEQI32m.js                    0.42 kB │ gzip:  0.28 kB
dist/assets/external-link-BU9EsRXb.js           0.42 kB │ gzip:  0.30 kB
dist/assets/wrench-C7nSCn1P.js                  0.43 kB │ gzip:  0.31 kB
dist/assets/download-Il7aesQj.js                0.44 kB │ gzip:  0.32 kB
dist/assets/workflow-CJ8gIQd9.js                0.44 kB │ gzip:  0.31 kB
dist/assets/pencil-1vBuxGji.js                  0.45 kB │ gzip:  0.33 kB
dist/assets/send-horizontal-R41UIwwz.js         0.46 kB │ gzip:  0.33 kB
dist/assets/file-code-cXgOlWk3.js               0.49 kB │ gzip:  0.32 kB
dist/assets/refresh-cw-Cow3UvFW.js              0.49 kB │ gzip:  0.33 kB
dist/assets/file-text-CBuVqWnU.js               0.51 kB │ gzip:  0.32 kB
dist/assets/trash-2-CYZI_i6g.js                 0.53 kB │ gzip:  0.35 kB
dist/assets/LoadingSkeleton-CTtatN5v.js         0.60 kB │ gzip:  0.43 kB
dist/assets/folder-DsKIHAy1.js                  0.74 kB │ gzip:  0.36 kB
dist/assets/server-BPmZwepG.js                  0.88 kB │ gzip:  0.42 kB
dist/assets/brain-omB-iJQo.js                   0.91 kB │ gzip:  0.47 kB
dist/assets/EmptyState-DNUn9x2C.js              1.21 kB │ gzip:  0.70 kB
dist/assets/CollabWorkflowCanvas-ZMfIloPl.js    3.98 kB │ gzip:  1.89 kB
dist/assets/MessageList-3ZOZ3aPx.js             4.86 kB │ gzip:  1.87 kB
dist/assets/AgentFocusView-olcbYlMh.js          5.09 kB │ gzip:  2.21 kB
dist/assets/WorkflowSessionView-CYyXV-fT.js     6.17 kB │ gzip:  2.52 kB
dist/assets/ApprovalCenterView-DMgMJr5T.js      8.16 kB │ gzip:  3.03 kB
dist/assets/TasksView-DxL06ch2.js               8.66 kB │ gzip:  3.32 kB
dist/assets/RunDetailView-B73HlWS0.js          15.44 kB │ gzip:  5.14 kB
dist/assets/ProjectsView-B9AcNA3f.js           16.25 kB │ gzip:  4.97 kB
dist/assets/GraphCanvas-BJiUG_V3.js            16.50 kB │ gzip:  5.88 kB
dist/assets/SkillsView-cuqDbjyA.js             20.26 kB │ gzip:  5.74 kB
dist/assets/LiveChatView-vQPXgRvD.js           22.42 kB │ gzip:  7.22 kB
dist/assets/ExtensionsView-CzcEPXuM.js         23.73 kB │ gzip:  7.57 kB
dist/assets/SchedulesView-D78gVoXe.js          28.19 kB │ gzip:  8.51 kB
dist/assets/AgentsView-qlNxXs5b.js             30.16 kB │ gzip:  8.07 kB
dist/assets/ChatView-n75f_BdH.js               30.94 kB │ gzip:  9.12 kB
dist/assets/CollabView-DIZXIBXe.js             38.43 kB │ gzip: 12.24 kB
dist/assets/SettingsView-BBQTVF5h.js          104.51 kB │ gzip: 25.37 kB
dist/assets/operant-sdk-Cdz6B7jL.js           170.03 kB │ gzip: 25.50 kB
dist/assets/index-DvVnjdMa.js                 192.22 kB │ gzip: 56.97 kB
dist/assets/react-vendor-Dbjw3RdR.js          287.97 kB │ gzip: 92.25 kB
✓ built in 1.49s
